default_guided_failure_mode = "EnvironmentDefault"
description = ""
environment_scope = "All"
multi_tenancy_mode = "Untenanted"
name = "My Runbook"

connectivity_policy {
    allow_deployments_to_no_targets = true
    exclude_unhealthy_targets = false
    skip_machine_behavior = "None"
}

project_id = "Projects-1"

steps "My Rolling Step" {
    condition = "Success"
    package_requirement = "LetOctopusDecide"
    start_trigger = "StartAfterPrevious"

    actions "First" {
        action_type = "Octopus.Script"
        condition = "Success"
        is_disabled = false
        is_required = false
    }

    actions "Second" {
        action_type = "Octopus.Script"
        condition = "Success"
        is_disabled = false
        is_required = false
    }
}