default_guided_failure_mode = "EnvironmentDefault"
description = ""
environment_scope = "All"
multi_tenancy_mode = "Untenanted"
name = "My Runbook"

connectivity_policy {
    allow_deployments_to_no_targets = true
    exclude_unhealthy_targets = false
    skip_machine_behavior = "None"
}

project_id = "Projects-1"

steps "Backup the Database" {
    condition = "Success"
    package_requirement = "LetOctopusDecide"
    start_trigger = "StartAfterPrevious"

    actions "Backup the Database" {
        action_type = "Octopus.Script"
        condition = "Success"
        is_disabled = false
        is_required = false
        properties = {
            Octopus.Action.RunOnServer = "true"
            Octopus.Action.Script.ScriptBody = <<-EOT
                $backupResult = $OctopusParameters["Octopus.Action[Backup Octofront Prod SQL Database].Output.backupResult"]
                
                
                $TableSAName = 'infrascoreprodaccount'
                $TableName = 'results'
                $partitionKey = "OctofrontSQL"
                
                $data = @{
                  RowKey = ([guid]::NewGuid().tostring())
                  PartitionKey = $partitionKey
                  state = $backupResult 
                  description = "Octofront SQL Backup weekly"
                  dtDate = [datetime]::UtcNow
                }
                New-AzureTableEntity -StorageAccountName $TableSAName `
                                     -StorageAccountAccessKey $TableStorageKey `
                                     -TableName $TableName `
                                     -Entities $data        
                
                $querystring = "(PartitionKey eq '$partitionKey')"
                $tableWrite = Get-AzureTableEntity -TableName $TableName `
                                                 -StorageAccountName $TableSAName `
                                                 -StorageAccountAccessKey $TableStorageKey  `
                                                 -QueryString $querystring `
                                                 -ConvertDateTimeFields $true `
                                                 -GetAll $false 
                
                $ordered = $tableWrite | Sort-Object -Descending -Property Timestamp 
                $entryResult = $ordered[0] | Sort-Object -Descending -Property Timestamp | Select-Object description, state
                
                write-output $entryResult | ft
                
            EOT
            Octopus.Action.Script.ScriptSource = "Inline"
            Octopus.Action.Script.Syntax = "PowerShell"
        }

    }
}