inline_script_action "Simple Script Action" {
    Roles = ["web-server"]
    syntax = "PowerShell"
    body = "Write-Host 'Hi'"
}

rolling "Rolling Step" {
    Roles = ["role1", "role2"]

    deploy_to_iis "Deploy Website" {
        apppool_framework = "v4.0"
        apppool_identity = "ApplicationPoolIdentity"
        customfield = "Another value"
    }

    deploy_to_iis "Deploy Website" {
        apppool_framework = "v4.0"
        apppool_identity = "ApplicationPoolIdentity"
        customfield = "Another value"
    }
}